"","x","y","label","colour"
"1","ICA1","ICA2","label","classification"
